ASxxxx Linker V03.00 + NoICE + sdld,  page 1.
Hexadecimal  [32-Bits]

Area                                    Addr        Size        Decimal Bytes (Attributes)
--------------------------------        ----        ----        ------- ----- ------------
.  .ABS.                            00000000    00000000 =           0. bytes (ABS,CON)

      Value  Global                              Global Defined In Module
      -----  --------------------------------   ------------------------
     00000000  .__.ABS.                           _fs2ulong
     00000000  l_CABS                          
     00000000  l_CONST                         
     00000000  l_DABS                          
     00000000  l__CODE                         
     00000000  s_CABS                          
     00000000  s_DABS                          
     00000000  s__CODE                         
     00000001  l_SSEG                          
     00000001  s_DATA                          
     00000002  l_INITIALIZED                   
     00000002  l_INITIALIZER                   
     00000003  l_GSFINAL                       
     00000005  l_DATA                          
     00000006  s_INITIALIZED                   
     00000008  s_SSEG                          
     0000001A  l_GSINIT                        
     00000057  l_HOME                          
     00001227  l_CODE                          
     00008000  s_HOME                          
     00008057  s_GSINIT                        
     00008071  s_GSFINAL                       
     00008074  s_CONST                         
     00008074  s_INITIALIZER                   
     00008076  s_CODE                          

ASxxxx Linker V03.00 + NoICE + sdld,  page 2.
Hexadecimal  [32-Bits]

Area                                    Addr        Size        Decimal Bytes (Attributes)
--------------------------------        ----        ----        ------- ----- ------------
DATA                                00000001    00000005 =           5. bytes (REL,CON)

      Value  Global                              Global Defined In Module
      -----  --------------------------------   ------------------------
     00000001  _rgb                               main
     00000004  _errno                             errno

ASxxxx Linker V03.00 + NoICE + sdld,  page 3.
Hexadecimal  [32-Bits]

Area                                    Addr        Size        Decimal Bytes (Attributes)
--------------------------------        ----        ----        ------- ----- ------------
INITIALIZED                         00000006    00000002 =           2. bytes (REL,CON)

      Value  Global                              Global Defined In Module
      -----  --------------------------------   ------------------------
     00000006  _NEWLINE                           uart
     00000007  _RETURN_CURSOR                     uart

ASxxxx Linker V03.00 + NoICE + sdld,  page 4.
Hexadecimal  [32-Bits]

Area                                    Addr        Size        Decimal Bytes (Attributes)
--------------------------------        ----        ----        ------- ----- ------------
SSEG                                00000008    00000001 =           1. bytes (REL,CON)

      Value  Global                              Global Defined In Module
      -----  --------------------------------   ------------------------
ASxxxx Linker V03.00 + NoICE + sdld,  page 5.
Hexadecimal  [32-Bits]

Area                                    Addr        Size        Decimal Bytes (Attributes)
--------------------------------        ----        ----        ------- ----- ------------
HOME                                00008000    00000057 =          87. bytes (REL,CON)

      Value  Global                              Global Defined In Module
      -----  --------------------------------   ------------------------
ASxxxx Linker V03.00 + NoICE + sdld,  page 6.
Hexadecimal  [32-Bits]

Area                                    Addr        Size        Decimal Bytes (Attributes)
--------------------------------        ----        ----        ------- ----- ------------
GSINIT                              00008057    0000001A =          26. bytes (REL,CON)

      Value  Global                              Global Defined In Module
      -----  --------------------------------   ------------------------
ASxxxx Linker V03.00 + NoICE + sdld,  page 7.
Hexadecimal  [32-Bits]

Area                                    Addr        Size        Decimal Bytes (Attributes)
--------------------------------        ----        ----        ------- ----- ------------
GSFINAL                             00008071    00000003 =           3. bytes (REL,CON)

      Value  Global                              Global Defined In Module
      -----  --------------------------------   ------------------------
ASxxxx Linker V03.00 + NoICE + sdld,  page 8.
Hexadecimal  [32-Bits]

Area                                    Addr        Size        Decimal Bytes (Attributes)
--------------------------------        ----        ----        ------- ----- ------------
INITIALIZER                         00008074    00000002 =           2. bytes (REL,CON)

      Value  Global                              Global Defined In Module
      -----  --------------------------------   ------------------------
ASxxxx Linker V03.00 + NoICE + sdld,  page 9.
Hexadecimal  [32-Bits]

Area                                    Addr        Size        Decimal Bytes (Attributes)
--------------------------------        ----        ----        ------- ----- ------------
CODE                                00008076    00001227 =        4647. bytes (REL,CON)

      Value  Global                              Global Defined In Module
      -----  --------------------------------   ------------------------
     0000807E  _main                              main
     000080E0  _button_hundler                    main
     00008160  _normalize_from                    color
     00008191  _write_color_to_registers          color
     000081C8  _smart_increment                   color
     000081D1  _smart_decrement                   color
     000081D8  _load_color_from_eeprom            color
     00008220  _tim2_init                         tim2
     00008289  _gpio_init                         gpio
     00008342  _btn_r_plus_is_pressed             gpio
     00008358  _btn_g_plus_is_pressed             gpio
     0000836E  _btn_b_plus_is_pressed             gpio
     00008384  _btn_r_minus_is_pressed            gpio
     0000839A  _btn_g_minus_is_pressed            gpio
     000083B0  _btn_b_minus_is_pressed            gpio
     000083C6  _btn_flash_is_pressed              gpio
     000083DC  _btn_load_is_pressed               gpio
     000083FA  _get_number_from_buttons           gpio
     00008454  _clk_init                          clk
     00008460  _eeprom_unlock                     flash
     00008473  _eeprom_lock                       flash
     00008478  _eeprom_clear_all                  flash
     0000848C  _eeprom_write                      flash
     000084BA  _eeprom_read                       flash
     000084DA  _uart_init                         uart
     00008531  _uart_tx_byte                      uart
     00008549  _uart_tx_byte_array                uart
     00008564  ___fsmul                           _fsmul
     0000871E  _sqrtf                             sqrtf
     0000881C  _expf                              expf
     000089E6  ___fslt                            _fslt
     00008A76  ___fsadd                           _fsadd
     00008CA1  _ldexpf                            ldexpf
     00008D23  ___fs2sint                         _fs2sint
     00008D63  ___sint2fs                         _sint2fs
     00008D73  ___fs2uint                         _fs2uint
     00008D93  _frexpf                            frexpf
     00008F74  ___fsdiv                           _fsdiv
     00008FED  ___uchar2fs                        _uchar2fs
     00008FFA  ___fssub                           _fssub
     00009023  ___muluint2ulong                   
     00009029  ___mulsint2slong                   
     0000907A  ___slong2fs                        _slong2fs
     000090A2  ___fs2slong                        _fs2slong
     000090EC  ___fseq                            _fseq
     0000913A  ___ulong2fs                        _ulong2fs
     000091D6  ___fs2ulong                        _fs2ulong

ASxxxx Linker V03.00 + NoICE + sdld,  page 10.

Files Linked                              [ module(s) ]

./build/main.rel                          [ main ]
./build/color.rel                         [ color ]
./build/tim2.rel                          [ tim2 ]
./build/gpio.rel                          [ gpio ]
./build/clk.rel                           [ clk ]
./build/flash.rel                         [ flash ]
./build/uart.rel                          [ uart ]


Libraries Linked                          [ object file ]

/usr/bin/../share/sdcc/lib/stm8/stm8.lib  [ _fsmul.rel ]
/usr/bin/../share/sdcc/lib/stm8/stm8.lib  [ sqrtf.rel ]
/usr/bin/../share/sdcc/lib/stm8/stm8.lib  [ expf.rel ]
/usr/bin/../share/sdcc/lib/stm8/stm8.lib  [ _fslt.rel ]
/usr/bin/../share/sdcc/lib/stm8/stm8.lib  [ _fsadd.rel ]
/usr/bin/../share/sdcc/lib/stm8/stm8.lib  [ ldexpf.rel ]
/usr/bin/../share/sdcc/lib/stm8/stm8.lib  [ _fs2sint.rel ]
/usr/bin/../share/sdcc/lib/stm8/stm8.lib  [ _sint2fs.rel ]
/usr/bin/../share/sdcc/lib/stm8/stm8.lib  [ _fs2uint.rel ]
/usr/bin/../share/sdcc/lib/stm8/stm8.lib  [ frexpf.rel ]
/usr/bin/../share/sdcc/lib/stm8/stm8.lib  [ _fsdiv.rel ]
/usr/bin/../share/sdcc/lib/stm8/stm8.lib  [ _uchar2fs.rel ]
/usr/bin/../share/sdcc/lib/stm8/stm8.lib  [ _fssub.rel ]
/usr/bin/../share/sdcc/lib/stm8/stm8.lib  [ __mulsint2slong.rel ]
/usr/bin/../share/sdcc/lib/stm8/stm8.lib  [ errno.rel ]
/usr/bin/../share/sdcc/lib/stm8/stm8.lib  [ _slong2fs.rel ]
/usr/bin/../share/sdcc/lib/stm8/stm8.lib  [ _fs2slong.rel ]
/usr/bin/../share/sdcc/lib/stm8/stm8.lib  [ _fseq.rel ]
/usr/bin/../share/sdcc/lib/stm8/stm8.lib  [ _ulong2fs.rel ]
/usr/bin/../share/sdcc/lib/stm8/stm8.lib  [ _fs2ulong.rel ]

ASxxxx Linker V03.00 + NoICE + sdld,  page 11.

User Base Address Definitions

HOME = 0x8000
DATA = 0x0001

