ASxxxx Linker V03.00 + NoICE + sdld,  page 1.
Hexadecimal  [32-Bits]

Area                                    Addr        Size        Decimal Bytes (Attributes)
--------------------------------        ----        ----        ------- ----- ------------
.  .ABS.                            00000000    00000000 =           0. bytes (ABS,CON)

      Value  Global                              Global Defined In Module
      -----  --------------------------------   ------------------------
     00000000  .__.ABS.                           _fs2ulong
     00000000  l_CABS                          
     00000000  l_CONST                         
     00000000  l_DABS                          
     00000000  l__CODE                         
     00000000  s_CABS                          
     00000000  s_DABS                          
     00000000  s__CODE                         
     00000001  l_SSEG                          
     00000001  s_DATA                          
     00000002  l_INITIALIZED                   
     00000002  l_INITIALIZER                   
     00000003  l_GSFINAL                       
     00000005  l_DATA                          
     00000006  s_INITIALIZED                   
     00000007  l_HOME                          
     00000008  s_SSEG                          
     0000001A  l_GSINIT                        
     00001351  l_CODE                          
     00008000  s_HOME                          
     00008007  s_GSINIT                        
     00008021  s_GSFINAL                       
     00008024  s_CONST                         
     00008024  s_INITIALIZER                   
     00008026  s_CODE                          

ASxxxx Linker V03.00 + NoICE + sdld,  page 2.
Hexadecimal  [32-Bits]

Area                                    Addr        Size        Decimal Bytes (Attributes)
--------------------------------        ----        ----        ------- ----- ------------
DATA                                00000001    00000005 =           5. bytes (REL,CON)

      Value  Global                              Global Defined In Module
      -----  --------------------------------   ------------------------
     00000001  _rgb                               main
     00000004  _errno                             errno

ASxxxx Linker V03.00 + NoICE + sdld,  page 3.
Hexadecimal  [32-Bits]

Area                                    Addr        Size        Decimal Bytes (Attributes)
--------------------------------        ----        ----        ------- ----- ------------
INITIALIZED                         00000006    00000002 =           2. bytes (REL,CON)

      Value  Global                              Global Defined In Module
      -----  --------------------------------   ------------------------
     00000006  _NEWLINE                           uart
     00000007  _RETURN_CURSOR                     uart

ASxxxx Linker V03.00 + NoICE + sdld,  page 4.
Hexadecimal  [32-Bits]

Area                                    Addr        Size        Decimal Bytes (Attributes)
--------------------------------        ----        ----        ------- ----- ------------
SSEG                                00000008    00000001 =           1. bytes (REL,CON)

      Value  Global                              Global Defined In Module
      -----  --------------------------------   ------------------------
ASxxxx Linker V03.00 + NoICE + sdld,  page 5.
Hexadecimal  [32-Bits]

Area                                    Addr        Size        Decimal Bytes (Attributes)
--------------------------------        ----        ----        ------- ----- ------------
HOME                                00008000    00000007 =           7. bytes (REL,CON)

      Value  Global                              Global Defined In Module
      -----  --------------------------------   ------------------------
ASxxxx Linker V03.00 + NoICE + sdld,  page 6.
Hexadecimal  [32-Bits]

Area                                    Addr        Size        Decimal Bytes (Attributes)
--------------------------------        ----        ----        ------- ----- ------------
GSINIT                              00008007    0000001A =          26. bytes (REL,CON)

      Value  Global                              Global Defined In Module
      -----  --------------------------------   ------------------------
ASxxxx Linker V03.00 + NoICE + sdld,  page 7.
Hexadecimal  [32-Bits]

Area                                    Addr        Size        Decimal Bytes (Attributes)
--------------------------------        ----        ----        ------- ----- ------------
GSFINAL                             00008021    00000003 =           3. bytes (REL,CON)

      Value  Global                              Global Defined In Module
      -----  --------------------------------   ------------------------
ASxxxx Linker V03.00 + NoICE + sdld,  page 8.
Hexadecimal  [32-Bits]

Area                                    Addr        Size        Decimal Bytes (Attributes)
--------------------------------        ----        ----        ------- ----- ------------
INITIALIZER                         00008024    00000002 =           2. bytes (REL,CON)

      Value  Global                              Global Defined In Module
      -----  --------------------------------   ------------------------
ASxxxx Linker V03.00 + NoICE + sdld,  page 9.
Hexadecimal  [32-Bits]

Area                                    Addr        Size        Decimal Bytes (Attributes)
--------------------------------        ----        ----        ------- ----- ------------
CODE                                00008026    00001351 =        4945. bytes (REL,CON)

      Value  Global                              Global Defined In Module
      -----  --------------------------------   ------------------------
     0000802E  _main                              main
     0000805B  _button_hundler                    main
     00008172  _normalize_from                    color
     000081A3  _write_color_to_registers          color
     000081DA  _smart_increment                   color
     000081E3  _smart_decrement                   color
     000081EA  _load_color_from_eeprom            color
     00008232  _write_color_to_eeprom             color
     00008263  _tim2_init                         tim2
     000082CC  _gpio_init                         gpio
     0000839D  _btn_r_plus_is_pressed             gpio
     000083B3  _btn_g_plus_is_pressed             gpio
     000083C9  _btn_b_plus_is_pressed             gpio
     000083DF  _btn_r_minus_is_pressed            gpio
     000083F5  _btn_g_minus_is_pressed            gpio
     0000840B  _btn_b_minus_is_pressed            gpio
     00008421  _btn_flash_is_pressed              gpio
     00008437  _btn_load_is_pressed               gpio
     0000844D  _btn_brightness_plus_is_pressed    gpio
     00008463  _btn_brightness_minus_is_pressed   gpio
     00008481  _get_number_from_buttons           gpio
     000084DB  _clk_init                          clk
     000084E7  _eeprom_unlock                     flash
     000084FA  _eeprom_lock                       flash
     000084FF  _eeprom_clear_all                  flash
     00008513  _eeprom_write                      flash
     00008541  _eeprom_read                       flash
     00008561  _uart_init                         uart
     000085B8  _uart_tx_byte                      uart
     000085D0  _uart_tx_byte_array                uart
     000085EB  ___fsmul                           _fsmul
     000087A5  _sqrtf                             sqrtf
     000088A3  _expf                              expf
     00008A6D  ___fslt                            _fslt
     00008AFD  ___fsadd                           _fsadd
     00008D28  _ldexpf                            ldexpf
     00008DAA  ___fs2sint                         _fs2sint
     00008DEA  ___sint2fs                         _sint2fs
     00008DFA  ___fs2uint                         _fs2uint
     00008E1A  ___memcpy                          
     00008E1A  _memcpy                            
     00008E6D  _frexpf                            frexpf
     0000904E  ___fsdiv                           _fsdiv
     000090C7  ___uchar2fs                        _uchar2fs
     000090D4  ___fssub                           _fssub
     000090FD  ___muluint2ulong                   
     00009103  ___mulsint2slong                   
     00009154  ___slong2fs                        _slong2fs
     0000917C  ___fs2slong                        _fs2slong
     000091C6  ___fseq                            _fseq
ASxxxx Linker V03.00 + NoICE + sdld,  page 10.
Hexadecimal  [32-Bits]

Area                                    Addr        Size        Decimal Bytes (Attributes)
--------------------------------        ----        ----        ------- ----- ------------
CODE                                00008026    00001351 =        4945. bytes (REL,CON)

      Value  Global                              Global Defined In Module
      -----  --------------------------------   ------------------------
     00009214  ___ulong2fs                        _ulong2fs
     000092B0  ___fs2ulong                        _fs2ulong

ASxxxx Linker V03.00 + NoICE + sdld,  page 11.

Files Linked                              [ module(s) ]

./build/main.rel                          [ main ]
./build/color.rel                         [ color ]
./build/tim2.rel                          [ tim2 ]
./build/gpio.rel                          [ gpio ]
./build/clk.rel                           [ clk ]
./build/flash.rel                         [ flash ]
./build/uart.rel                          [ uart ]


Libraries Linked                          [ object file ]

/usr/bin/../share/sdcc/lib/stm8/stm8.lib  [ _fsmul.rel ]
/usr/bin/../share/sdcc/lib/stm8/stm8.lib  [ sqrtf.rel ]
/usr/bin/../share/sdcc/lib/stm8/stm8.lib  [ expf.rel ]
/usr/bin/../share/sdcc/lib/stm8/stm8.lib  [ _fslt.rel ]
/usr/bin/../share/sdcc/lib/stm8/stm8.lib  [ _fsadd.rel ]
/usr/bin/../share/sdcc/lib/stm8/stm8.lib  [ ldexpf.rel ]
/usr/bin/../share/sdcc/lib/stm8/stm8.lib  [ _fs2sint.rel ]
/usr/bin/../share/sdcc/lib/stm8/stm8.lib  [ _sint2fs.rel ]
/usr/bin/../share/sdcc/lib/stm8/stm8.lib  [ _fs2uint.rel ]
/usr/bin/../share/sdcc/lib/stm8/stm8.lib  [ memcpy.rel ]
/usr/bin/../share/sdcc/lib/stm8/stm8.lib  [ frexpf.rel ]
/usr/bin/../share/sdcc/lib/stm8/stm8.lib  [ _fsdiv.rel ]
/usr/bin/../share/sdcc/lib/stm8/stm8.lib  [ _uchar2fs.rel ]
/usr/bin/../share/sdcc/lib/stm8/stm8.lib  [ _fssub.rel ]
/usr/bin/../share/sdcc/lib/stm8/stm8.lib  [ __mulsint2slong.rel ]
/usr/bin/../share/sdcc/lib/stm8/stm8.lib  [ errno.rel ]
/usr/bin/../share/sdcc/lib/stm8/stm8.lib  [ _slong2fs.rel ]
/usr/bin/../share/sdcc/lib/stm8/stm8.lib  [ _fs2slong.rel ]
/usr/bin/../share/sdcc/lib/stm8/stm8.lib  [ _fseq.rel ]
/usr/bin/../share/sdcc/lib/stm8/stm8.lib  [ _ulong2fs.rel ]
/usr/bin/../share/sdcc/lib/stm8/stm8.lib  [ _fs2ulong.rel ]

ASxxxx Linker V03.00 + NoICE + sdld,  page 12.

User Base Address Definitions

HOME = 0x8000
DATA = 0x0001

